// Jest Snapshot v1, https://goo.gl/fbAQLP

exports[`<Form> Form Snapshot 1`] = `
<div>
  <form
    accept-charset="UTF-8"
    class="space-y-2 mb-6 alert alert-gray"
    id="search"
  >
    <div
      class="form-row"
    >
      <select
        class="form-control col-span-7 focus:outline-none focus:bg-white focus:border-gray-500 active:outline-none active:border-gray-500"
        name="soorah"
      >
        <option
          value="0"
        >
          Surələr:
        </option>
        <option
          value="1"
        >
          Fatihə surəsi. 1
        </option>
        <option
          value="2"
        >
          Bəqərə surəsi. 2
        </option>
        <option
          value="3"
        >
          Ali İmran surəsi. 3
        </option>
        <option
          value="4"
        >
          Nisa surəsi. 4
        </option>
        <option
          value="5"
        >
          Maidə surəsi. 5
        </option>
        <option
          value="6"
        >
          Ənam surəsi. 6
        </option>
        <option
          value="7"
        >
          Əraf surəsi. 7
        </option>
        <option
          value="8"
        >
          Ənfal surəsi. 8
        </option>
        <option
          value="9"
        >
          Tovbə surəsi. 9
        </option>
        <option
          value="10"
        >
          Yunus surəsi. 10
        </option>
        <option
          value="11"
        >
          Hud surəsi. 11
        </option>
        <option
          value="12"
        >
          Yusuf surəsi. 12
        </option>
        <option
          value="13"
        >
          Rad surəsi. 13
        </option>
        <option
          value="14"
        >
          İbrahim surəsi. 14
        </option>
        <option
          value="15"
        >
          Hicr surəsi. 15
        </option>
        <option
          value="16"
        >
          Nəhl surəsi. 16
        </option>
        <option
          value="17"
        >
          İsra surəsi. 17
        </option>
        <option
          value="18"
        >
          Kəhf surəsi. 18
        </option>
        <option
          value="19"
        >
          Məryəm surəsi. 19
        </option>
        <option
          value="20"
        >
          Ta ha surəsi. 20
        </option>
        <option
          value="21"
        >
          Ənbiya surəsi. 21
        </option>
        <option
          value="22"
        >
          Həcc surəsi. 22
        </option>
        <option
          value="23"
        >
          Muminun surəsi. 23
        </option>
        <option
          value="24"
        >
          Nur surəsi. 24
        </option>
        <option
          value="25"
        >
          Furqan surəsi. 25
        </option>
        <option
          value="26"
        >
          Şuəra surəsi. 26
        </option>
        <option
          value="27"
        >
          Nəml surəsi. 27
        </option>
        <option
          value="28"
        >
          Qasas surəsi. 28
        </option>
        <option
          value="29"
        >
          Ənkəbut surəsi. 29
        </option>
        <option
          value="30"
        >
          Rum surəsi. 30
        </option>
        <option
          value="31"
        >
          Loğman surəsi. 31
        </option>
        <option
          value="32"
        >
          Səcdə surəsi. 32
        </option>
        <option
          value="33"
        >
          Əhzab surəsi. 33
        </option>
        <option
          value="34"
        >
          Səba surəsi. 34
        </option>
        <option
          value="35"
        >
          Fatir surəsi. 35
        </option>
        <option
          value="36"
        >
          Ya sin surəsi. 36
        </option>
        <option
          value="37"
        >
          Saffat surəsi. 37
        </option>
        <option
          value="38"
        >
          Sad surəsi. 38
        </option>
        <option
          value="39"
        >
          Zumər surəsi. 39
        </option>
        <option
          value="40"
        >
          Ğafir surəsi. 40
        </option>
        <option
          value="41"
        >
          Fussilət surəsi. 41
        </option>
        <option
          value="42"
        >
          Şura surəsi. 42
        </option>
        <option
          value="43"
        >
          Zuxruf surəsi. 43
        </option>
        <option
          value="44"
        >
          Duxan surəsi. 44
        </option>
        <option
          value="45"
        >
          Casiyə surəsi. 45
        </option>
        <option
          value="46"
        >
          Əhqaf surəsi. 46
        </option>
        <option
          value="47"
        >
          Muhəmməd surəsi. 47
        </option>
        <option
          value="48"
        >
          Fəth surəsi. 48
        </option>
        <option
          value="49"
        >
          Hucurat surəsi. 49
        </option>
        <option
          value="50"
        >
          Qaf surəsi. 50
        </option>
        <option
          value="51"
        >
          Zəriyət surəsi. 51
        </option>
        <option
          value="52"
        >
          Tur surəsi. 52
        </option>
        <option
          value="53"
        >
          Nəcm surəsi. 53
        </option>
        <option
          value="54"
        >
          Qamər surəsi. 54
        </option>
        <option
          value="55"
        >
          Rahmən surəsi. 55
        </option>
        <option
          value="56"
        >
          Vaqiə surəsi. 56
        </option>
        <option
          value="57"
        >
          Hədid surəsi. 57
        </option>
        <option
          value="58"
        >
          Mucadilə surəsi. 58
        </option>
        <option
          value="59"
        >
          Həşr surəsi. 59
        </option>
        <option
          value="60"
        >
          Mumtəhənə surəsi. 60
        </option>
        <option
          value="61"
        >
          Saff surəsi. 61
        </option>
        <option
          value="62"
        >
          Cumuə surəsi. 62
        </option>
        <option
          value="63"
        >
          Munafiqun surəsi. 63
        </option>
        <option
          value="64"
        >
          Təğabun surəsi. 64
        </option>
        <option
          value="65"
        >
          Talaq surəsi. 65
        </option>
        <option
          value="66"
        >
          Təhrim surəsi. 66
        </option>
        <option
          value="67"
        >
          Mulk surəsi. 67
        </option>
        <option
          value="68"
        >
          Qaləm surəsi. 68
        </option>
        <option
          value="69"
        >
          Haqqə surəsi. 69
        </option>
        <option
          value="70"
        >
          Məaric surəsi. 70
        </option>
        <option
          value="71"
        >
          Nuh surəsi. 71
        </option>
        <option
          value="72"
        >
          Cinn surəsi. 72
        </option>
        <option
          value="73"
        >
          Muzzəmmil surəsi. 73
        </option>
        <option
          value="74"
        >
          Muddəssir surəsi. 74
        </option>
        <option
          value="75"
        >
          Qiyamə surəsi. 75
        </option>
        <option
          value="76"
        >
          İnsan surəsi. 76
        </option>
        <option
          value="77"
        >
          Mursəlat surəsi. 77
        </option>
        <option
          value="78"
        >
          Nəbə surəsi. 78
        </option>
        <option
          value="79"
        >
          Naziat surəsi. 79
        </option>
        <option
          value="80"
        >
          Əbəsə surəsi. 80
        </option>
        <option
          value="81"
        >
          Təkvir surəsi. 81
        </option>
        <option
          value="82"
        >
          İnfitar surəsi. 82
        </option>
        <option
          value="83"
        >
          Mutaffifin surəsi. 83
        </option>
        <option
          value="84"
        >
          İnşiqaq surəsi. 84
        </option>
        <option
          value="85"
        >
          Buruc surəsi. 85
        </option>
        <option
          value="86"
        >
          Tariq surəsi. 86
        </option>
        <option
          value="87"
        >
          Əla surəsi. 87
        </option>
        <option
          value="88"
        >
          Ğaşiyə surəsi. 88
        </option>
        <option
          value="89"
        >
          Fəcr surəsi. 89
        </option>
        <option
          value="90"
        >
          Bələd surəsi. 90
        </option>
        <option
          value="91"
        >
          Şəms surəsi. 91
        </option>
        <option
          value="92"
        >
          Leyl surəsi. 92
        </option>
        <option
          value="93"
        >
          Duha surəsi. 93
        </option>
        <option
          value="94"
        >
          Şərh surəsi. 94
        </option>
        <option
          value="95"
        >
          Tin surəsi. 95
        </option>
        <option
          value="96"
        >
          Ələq surəsi. 96
        </option>
        <option
          value="97"
        >
          Qədr surəsi. 97
        </option>
        <option
          value="98"
        >
          Beyyinə surəsi. 98
        </option>
        <option
          value="99"
        >
          Zəlzələ surəsi. 99
        </option>
        <option
          value="100"
        >
          Adiyat surəsi. 100
        </option>
        <option
          value="101"
        >
          Qariə surəsi. 101
        </option>
        <option
          value="102"
        >
          Təkasur surəsi. 102
        </option>
        <option
          value="103"
        >
          Əsr surəsi. 103
        </option>
        <option
          value="104"
        >
          Huməzə surəsi. 104
        </option>
        <option
          value="105"
        >
          Fil surəsi. 105
        </option>
        <option
          value="106"
        >
          Qureyş surəsi. 106
        </option>
        <option
          value="107"
        >
          Maun surəsi. 107
        </option>
        <option
          value="108"
        >
          Kovsər surəsi. 108
        </option>
        <option
          value="109"
        >
          Kafirun surəsi. 109
        </option>
        <option
          value="110"
        >
          Nəsr surəsi. 110
        </option>
        <option
          value="111"
        >
          Məsəd surəsi. 111
        </option>
        <option
          value="112"
        >
          İxlas surəsi. 112
        </option>
        <option
          value="113"
        >
          Fələq surəsi. 113
        </option>
        <option
          value="114"
        >
          Nas surəsi. 114
        </option>
      </select>
      <input
        class="form-control col-span-2"
        max="286"
        maxlength="3"
        min="0"
        name="ayah"
        placeholder="Ayə"
        size="3"
        type="number"
        value=""
      />
      <select
        class="form-control col-span-3 text-center focus:outline-none focus:bg-white focus:border-gray-500 active:outline-none active:border-gray-500"
        name="translator"
      >
        <option
          value="1"
        >
          Əlixan Musayev
        </option>
        <option
          value="2"
        >
          Bünyadov-Məmmədəliyev
        </option>
        <option
          value="3"
        >
          Эльмир Кулиев
        </option>
        <option
          value="4"
        >
          Ələddin Sultanov
        </option>
      </select>
    </div>
    <div
      class="form-row"
    >
      <input
        class="form-control col-span-7"
        name="search"
        placeholder="Kəlmə"
        type="text"
        value=""
      />
      <button
        class="btn btn-success col-span-5"
        type="submit"
      >
        Axtar
      </button>
    </div>
  </form>
</div>
`;
