// Jest Snapshot v1, https://goo.gl/fbAQLP

exports[`PaginateAyah Snapshot 1`] = `
<div>
  <div
    class="pagination"
  >
    <a
      class="pagination-item"
      href="/1/4?t=undefined"
    >
      4
    </a>
    <span
      class="pagination-disabled"
    >
      5
    </span>
    <a
      class="pagination-item"
      href="/1/6?t=undefined"
    >
      6
    </a>
  </div>
</div>
`;
