// Jest Snapshot v1, https://goo.gl/fbAQLP

exports[`render Component 1`] = `
<div>
  <div
    class="flex flex-wrap"
  >
    <span
      class="px-1 py-0.5 hover:bg-gray-100 hover:cursor-pointer"
      style="color: rgb(52, 144, 220);"
    >
      Lorem 
    </span>
    <span
      class="px-1 py-0.5 hover:bg-gray-100 hover:cursor-pointer"
      style="color: rgb(101, 116, 205);"
    >
      ipsum 
    </span>
    <span
      class="px-1 py-0.5 hover:bg-gray-100 hover:cursor-pointer"
      style="color: rgb(149, 97, 226);"
    >
      dolor 
    </span>
    <span
      class="px-1 py-0.5 hover:bg-gray-100 hover:cursor-pointer"
      style="color: rgb(246, 109, 155);"
    >
      sit 
    </span>
    <span
      class="px-1 py-0.5 hover:bg-gray-100 hover:cursor-pointer"
      style="color: rgb(246, 153, 63);"
    >
      amet, 
    </span>
    <span
      class="px-1 py-0.5 hover:bg-gray-100 hover:cursor-pointer"
      style="color: rgb(56, 193, 114);"
    >
      consectetur 
    </span>
    <span
      class="px-1 py-0.5 hover:bg-gray-100 hover:cursor-pointer"
      style="color: rgb(77, 192, 181);"
    >
      adipiscing 
    </span>
    <span
      class="px-1 py-0.5 hover:bg-gray-100 hover:cursor-pointer"
      style="color: rgb(108, 178, 235);"
    >
      elit, 
    </span>
    <span
      class="px-1 py-0.5 hover:bg-gray-100 hover:cursor-pointer"
      style="color: rgb(52, 144, 220);"
    >
      sed 
    </span>
  </div>
</div>
`;
